------------------------------------------------------------
TimeQuest Timing Analyzer Summary
------------------------------------------------------------

Type  : Slow 1200mV 85C Model Setup 'gpu_core_inst|pll_inst|altpll_component|auto_generated|pll1|clk[0]'
Slack : -8.833
TNS   : -128.761

Type  : Slow 1200mV 85C Model Setup 'CLK'
Slack : -8.032
TNS   : -388.508

Type  : Slow 1200mV 85C Model Setup 'gpu_core:gpu_core_inst|vga_sync:vga_sync_inst|H_SYNC'
Slack : -3.694
TNS   : -31.532

Type  : Slow 1200mV 85C Model Hold 'gpu_core_inst|pll_inst|altpll_component|auto_generated|pll1|clk[0]'
Slack : -0.220
TNS   : -0.220

Type  : Slow 1200mV 85C Model Hold 'gpu_core:gpu_core_inst|vga_sync:vga_sync_inst|H_SYNC'
Slack : 0.436
TNS   : 0.000

Type  : Slow 1200mV 85C Model Hold 'CLK'
Slack : 0.452
TNS   : 0.000

Type  : Slow 1200mV 85C Model Minimum Pulse Width 'gpu_core:gpu_core_inst|vga_sync:vga_sync_inst|H_SYNC'
Slack : -1.487
TNS   : -14.870

Type  : Slow 1200mV 85C Model Minimum Pulse Width 'CLK'
Slack : 10.103
TNS   : 0.000

Type  : Slow 1200mV 85C Model Minimum Pulse Width 'gpu_core_inst|pll_inst|altpll_component|auto_generated|pll1|clk[0]'
Slack : 19.562
TNS   : 0.000

Type  : Slow 1200mV 0C Model Setup 'gpu_core_inst|pll_inst|altpll_component|auto_generated|pll1|clk[0]'
Slack : -7.974
TNS   : -116.894

Type  : Slow 1200mV 0C Model Setup 'CLK'
Slack : -6.754
TNS   : -325.616

Type  : Slow 1200mV 0C Model Setup 'gpu_core:gpu_core_inst|vga_sync:vga_sync_inst|H_SYNC'
Slack : -3.415
TNS   : -28.404

Type  : Slow 1200mV 0C Model Hold 'gpu_core_inst|pll_inst|altpll_component|auto_generated|pll1|clk[0]'
Slack : -0.338
TNS   : -0.338

Type  : Slow 1200mV 0C Model Hold 'gpu_core:gpu_core_inst|vga_sync:vga_sync_inst|H_SYNC'
Slack : 0.387
TNS   : 0.000

Type  : Slow 1200mV 0C Model Hold 'CLK'
Slack : 0.400
TNS   : 0.000

Type  : Slow 1200mV 0C Model Minimum Pulse Width 'gpu_core:gpu_core_inst|vga_sync:vga_sync_inst|H_SYNC'
Slack : -1.487
TNS   : -14.870

Type  : Slow 1200mV 0C Model Minimum Pulse Width 'CLK'
Slack : 10.130
TNS   : 0.000

Type  : Slow 1200mV 0C Model Minimum Pulse Width 'gpu_core_inst|pll_inst|altpll_component|auto_generated|pll1|clk[0]'
Slack : 19.530
TNS   : 0.000

Type  : Fast 1200mV 0C Model Setup 'gpu_core_inst|pll_inst|altpll_component|auto_generated|pll1|clk[0]'
Slack : -4.052
TNS   : -60.871

Type  : Fast 1200mV 0C Model Setup 'gpu_core:gpu_core_inst|vga_sync:vga_sync_inst|H_SYNC'
Slack : -1.062
TNS   : -8.082

Type  : Fast 1200mV 0C Model Setup 'CLK'
Slack : 1.878
TNS   : 0.000

Type  : Fast 1200mV 0C Model Hold 'gpu_core_inst|pll_inst|altpll_component|auto_generated|pll1|clk[0]'
Slack : -0.049
TNS   : -0.049

Type  : Fast 1200mV 0C Model Hold 'gpu_core:gpu_core_inst|vga_sync:vga_sync_inst|H_SYNC'
Slack : 0.176
TNS   : 0.000

Type  : Fast 1200mV 0C Model Hold 'CLK'
Slack : 0.186
TNS   : 0.000

Type  : Fast 1200mV 0C Model Minimum Pulse Width 'gpu_core:gpu_core_inst|vga_sync:vga_sync_inst|H_SYNC'
Slack : -1.000
TNS   : -10.000

Type  : Fast 1200mV 0C Model Minimum Pulse Width 'CLK'
Slack : 9.780
TNS   : 0.000

Type  : Fast 1200mV 0C Model Minimum Pulse Width 'gpu_core_inst|pll_inst|altpll_component|auto_generated|pll1|clk[0]'
Slack : 19.599
TNS   : 0.000

------------------------------------------------------------
