------------------------------------------------------------
TimeQuest Timing Analyzer Summary
------------------------------------------------------------

Type  : Slow 1200mV 85C Model Setup 'CLK'
Slack : -9.888
TNS   : -414.726

Type  : Slow 1200mV 85C Model Setup 'gpu_core_inst|pll_inst|altpll_component|auto_generated|pll1|clk[0]'
Slack : -9.440
TNS   : -132.695

Type  : Slow 1200mV 85C Model Setup 'gpu_core:gpu_core_inst|vga_sync:vga_sync_inst|H_SYNC'
Slack : -3.284
TNS   : -27.603

Type  : Slow 1200mV 85C Model Hold 'gpu_core_inst|pll_inst|altpll_component|auto_generated|pll1|clk[0]'
Slack : -0.220
TNS   : -0.220

Type  : Slow 1200mV 85C Model Hold 'CLK'
Slack : 0.431
TNS   : 0.000

Type  : Slow 1200mV 85C Model Hold 'gpu_core:gpu_core_inst|vga_sync:vga_sync_inst|H_SYNC'
Slack : 0.435
TNS   : 0.000

Type  : Slow 1200mV 85C Model Minimum Pulse Width 'gpu_core:gpu_core_inst|vga_sync:vga_sync_inst|H_SYNC'
Slack : -1.487
TNS   : -14.870

Type  : Slow 1200mV 85C Model Minimum Pulse Width 'CLK'
Slack : 10.104
TNS   : 0.000

Type  : Slow 1200mV 85C Model Minimum Pulse Width 'gpu_core_inst|pll_inst|altpll_component|auto_generated|pll1|clk[0]'
Slack : 19.560
TNS   : 0.000

Type  : Slow 1200mV 0C Model Setup 'CLK'
Slack : -8.496
TNS   : -348.666

Type  : Slow 1200mV 0C Model Setup 'gpu_core_inst|pll_inst|altpll_component|auto_generated|pll1|clk[0]'
Slack : -8.425
TNS   : -119.456

Type  : Slow 1200mV 0C Model Setup 'gpu_core:gpu_core_inst|vga_sync:vga_sync_inst|H_SYNC'
Slack : -2.908
TNS   : -24.590

Type  : Slow 1200mV 0C Model Hold 'gpu_core_inst|pll_inst|altpll_component|auto_generated|pll1|clk[0]'
Slack : -0.338
TNS   : -0.338

Type  : Slow 1200mV 0C Model Hold 'CLK'
Slack : 0.381
TNS   : 0.000

Type  : Slow 1200mV 0C Model Hold 'gpu_core:gpu_core_inst|vga_sync:vga_sync_inst|H_SYNC'
Slack : 0.386
TNS   : 0.000

Type  : Slow 1200mV 0C Model Minimum Pulse Width 'gpu_core:gpu_core_inst|vga_sync:vga_sync_inst|H_SYNC'
Slack : -1.487
TNS   : -14.870

Type  : Slow 1200mV 0C Model Minimum Pulse Width 'CLK'
Slack : 10.130
TNS   : 0.000

Type  : Slow 1200mV 0C Model Minimum Pulse Width 'gpu_core_inst|pll_inst|altpll_component|auto_generated|pll1|clk[0]'
Slack : 19.531
TNS   : 0.000

Type  : Fast 1200mV 0C Model Setup 'gpu_core_inst|pll_inst|altpll_component|auto_generated|pll1|clk[0]'
Slack : -4.336
TNS   : -61.751

Type  : Fast 1200mV 0C Model Setup 'gpu_core:gpu_core_inst|vga_sync:vga_sync_inst|H_SYNC'
Slack : -0.845
TNS   : -6.316

Type  : Fast 1200mV 0C Model Setup 'CLK'
Slack : 1.314
TNS   : 0.000

Type  : Fast 1200mV 0C Model Hold 'gpu_core_inst|pll_inst|altpll_component|auto_generated|pll1|clk[0]'
Slack : -0.049
TNS   : -0.049

Type  : Fast 1200mV 0C Model Hold 'gpu_core:gpu_core_inst|vga_sync:vga_sync_inst|H_SYNC'
Slack : 0.176
TNS   : 0.000

Type  : Fast 1200mV 0C Model Hold 'CLK'
Slack : 0.178
TNS   : 0.000

Type  : Fast 1200mV 0C Model Minimum Pulse Width 'gpu_core:gpu_core_inst|vga_sync:vga_sync_inst|H_SYNC'
Slack : -1.000
TNS   : -10.000

Type  : Fast 1200mV 0C Model Minimum Pulse Width 'CLK'
Slack : 9.781
TNS   : 0.000

Type  : Fast 1200mV 0C Model Minimum Pulse Width 'gpu_core_inst|pll_inst|altpll_component|auto_generated|pll1|clk[0]'
Slack : 19.599
TNS   : 0.000

------------------------------------------------------------
